// Jest Snapshot v1, https://goo.gl/fbAQLP

exports[`Carousel should render without crashing 1`] = `ShallowWrapper {}`;
