// Jest Snapshot v1, https://goo.gl/fbAQLP

exports[`Description should render without crashing 1`] = `ShallowWrapper {}`;
