// Jest Snapshot v1, https://goo.gl/fbAQLP

exports[`innerNavbar should render without crashing 1`] = `ShallowWrapper {}`;
