// Jest Snapshot v1, https://goo.gl/fbAQLP

exports[`NavBar should render without crashing 1`] = `ShallowWrapper {}`;
