// Jest Snapshot v1, https://goo.gl/fbAQLP

exports[`SignupContainer should render without crashing 1`] = `ShallowWrapper {}`;
