// Jest Snapshot v1, https://goo.gl/fbAQLP

exports[`SignupForm should render without crashing 1`] = `ShallowWrapper {}`;
