// Jest Snapshot v1, https://goo.gl/fbAQLP

exports[`SignUpModal should render without crashing 1`] = `ShallowWrapper {}`;
