// Jest Snapshot v1, https://goo.gl/fbAQLP

exports[`App should render without crashing 1`] = `ShallowWrapper {}`;
