// Jest Snapshot v1, https://goo.gl/fbAQLP

exports[`LoginModal should render without crashing 1`] = `ShallowWrapper {}`;
