// Jest Snapshot v1, https://goo.gl/fbAQLP

exports[`LoginContainer should render without crashing 1`] = `ShallowWrapper {}`;
