// Jest Snapshot v1, https://goo.gl/fbAQLP

exports[`CreateParcel should render without crashing 1`] = `ShallowWrapper {}`;
