// Jest Snapshot v1, https://goo.gl/fbAQLP

exports[`parcel table should render without crashing 1`] = `ShallowWrapper {}`;
