// Jest Snapshot v1, https://goo.gl/fbAQLP

exports[`Retrieve Parcel Container should render without crashing 1`] = `ShallowWrapper {}`;
