// Jest Snapshot v1, https://goo.gl/fbAQLP

exports[`single parcel should render without crashing 1`] = `ShallowWrapper {}`;
